// Jest Snapshot v1, https://goo.gl/fbAQLP

exports[`NewExpenseComponent Snapshot tests should render new expense component with conditional fields 1`] = `
"<div class=\\"NewExpenseContainer-hqtosb juPdFW\\">
  <form class=\\"NewExpenseForm-cwuXvK kEHXvR\\"><span class=\\"NewExpenseTitle-lhcAMw jEIPWO\\">New expense</span>
    <div class=\\"NewExpenseContent-jatTpR kRaxfX\\">
      <div class=\\"NewExpenseFileContainer-bNEBXl cdSBvg\\">
        <div class=\\"NewExpenseFile-kZrDhS ldnNcp\\"><span class=\\"NewExpenseSpanFieldTitle-fryOLC eNcQVo\\">Receipt or invoice*</span><label for=\\"new-expense__file\\" class=\\"NewExpenseFileButton-doqqYw dmgrQy\\"><span>Select file</span><input id=\\"new-expense__file\\" data-testid=\\"new-expense__file\\" style=\\"display: none;\\" accept=\\".jpg,.png\\" type=\\"file\\"></label><span class=\\"NewExpenseHint-gvuMzb hbrupz\\">Just JPG or PNG images are accepted</span><span color=\\"#f44336\\" class=\\"NewExpenseHint-gvuMzb kyTpiy\\">error on file</span></div>
      </div>
      <div class=\\"NewExpenseFieldsContainer-eXgEkW kWXdsa\\"><label for=\\"new-expense__type-selec\\" class=\\"NewExpenseField-juMRoK hJPqOw\\"><span class=\\"NewExpenseFieldLabel-iRoKGQ keXWMB\\">Type*</span><select id=\\"new-expense__type-select\\" data-testid=\\"new-expense__type-select\\" required=\\"\\" class=\\"NewExpenseSelectField-jVTKdO iFJTld\\">
            <option value=\\"\\" class=\\"NewExpenseSelectOption-coaVTX eLEIqd\\"></option>
            <option value=\\"hotel-fee\\" class=\\"NewExpenseSelectOption-coaVTX eLEIqd\\">Hotel</option>
            <option value=\\"food\\" class=\\"NewExpenseSelectOption-coaVTX eLEIqd\\">Food</option>
            <option value=\\"transport\\" class=\\"NewExpenseSelectOption-coaVTX eLEIqd\\">Transport</option>
          </select></label><label for=\\"new-expense__description\\" class=\\"NewExpenseField-juMRoK hJPqOw\\"><span class=\\"NewExpenseFieldLabel-iRoKGQ keXWMB\\">Expense description*</span><input required=\\"\\" id=\\"new-expense__description\\" data-testid=\\"new-expense__description\\" class=\\"NewExpenseInputField-kvuItE eGrksb\\" value=\\"description\\"></label><label for=\\"new-expense__receipt-date\\" class=\\"NewExpenseField-juMRoK hJPqOw\\"><span class=\\"NewExpenseFieldLabel-iRoKGQ keXWMB\\">Receipt date*</span><input required=\\"\\" id=\\"new-expense__receipt-date\\" data-testid=\\"new-expense__receipt-date\\" pattern=\\"\\\\d{4}-\\\\d{2}-\\\\d{2}\\" type=\\"date\\" min=\\"1900-01-01\\" max=\\"2077-01-01\\" class=\\"NewExpenseInputField-kvuItE eGrksb\\" value=\\"2020-10-10\\"></label><label for=\\"new-expense__currency-select\\" class=\\"NewExpenseField-juMRoK hJPqOw\\"><span class=\\"NewExpenseFieldLabel-iRoKGQ keXWMB\\">Currency*</span><select required=\\"\\" data-testid=\\"new-expense__currency-select\\" id=\\"new-expense__currency-select\\" class=\\"NewExpenseSelectField-jVTKdO iFJTld\\">
            <option value=\\"\\" class=\\"NewExpenseSelectOption-coaVTX eLEIqd\\"></option>
            <option value=\\"BRL\\" class=\\"NewExpenseSelectOption-coaVTX eLEIqd\\">BRL</option>
            <option value=\\"USD\\" class=\\"NewExpenseSelectOption-coaVTX eLEIqd\\">USD</option>
            <option value=\\"MXN\\" class=\\"NewExpenseSelectOption-coaVTX eLEIqd\\">MXN</option>
          </select></label>
        <div class=\\"NewExpenseCurrencyInfoFieldContainier-buJYQd eLTHPp\\"><label for=\\"new-expense__receipt-value\\" width=\\"45%\\" class=\\"NewExpenseField-juMRoK jJGcov\\"><span class=\\"NewExpenseFieldLabel-iRoKGQ keXWMB\\">Receipt value*</span><input id=\\"new-expense__receipt-value\\" data-testid=\\"new-expense__receipt-value\\" type=\\"number\\" min=\\"0\\" required=\\"\\" class=\\"NewExpenseInputField-kvuItE eGrksb\\" value=\\"\\"></label><label for=\\"new-expense__value-to-be-paid\\" width=\\"45%\\" class=\\"NewExpenseField-juMRoK jJGcov\\"><span class=\\"NewExpenseFieldLabel-iRoKGQ keXWMB\\">To be paid value*</span><input id=\\"new-expense__value-to-be-paid\\" data-testid=\\"new-expense__value-to-be-paid\\" type=\\"number\\" min=\\"0\\" required=\\"\\" class=\\"NewExpenseInputField-kvuItE eGrksb\\" value=\\"\\"></label></div>
      </div>
    </div>
    <div class=\\"NewExpenseFormActions-iMrQpP FOLRZ\\"><button id=\\"new-expense__btn-cancel\\" data-testid=\\"new-expense__btn-cancel\\" type=\\"button\\" class=\\"NewExpenseFormButton-eEGptI NewExpenseFormCancelButton-dqtNbK jrxbsp bYcGKK\\">Cancelar</button><button id=\\"new-expense__btn-submit\\" data-testid=\\"new-expense__btn-submit\\" type=\\"submit\\" class=\\"NewExpenseFormButton-eEGptI NewExpenseFormSaveButton-cHZoOV jrxbsp bTTZnZ\\">Salvar</button></div>
  </form>
</div>"
`;

exports[`NewExpenseComponent Snapshot tests should render new expense component without conditional fields 1`] = `
"<div class=\\"NewExpenseContainer-hqtosb juPdFW\\">
  <form class=\\"NewExpenseForm-cwuXvK kEHXvR\\"><span class=\\"NewExpenseTitle-lhcAMw jEIPWO\\">New expense</span>
    <div class=\\"NewExpenseContent-jatTpR kRaxfX\\">
      <div class=\\"NewExpenseFileContainer-bNEBXl cdSBvg\\">
        <div class=\\"NewExpenseFile-kZrDhS ldnNcp\\"><span class=\\"NewExpenseSpanFieldTitle-fryOLC eNcQVo\\">Receipt or invoice*</span><label for=\\"new-expense__file\\" class=\\"NewExpenseFileButton-doqqYw dmgrQy\\"><span>Select file</span><input id=\\"new-expense__file\\" data-testid=\\"new-expense__file\\" style=\\"display: none;\\" accept=\\".jpg,.png\\" type=\\"file\\"></label><span class=\\"NewExpenseHint-gvuMzb hbrupz\\">Just JPG or PNG images are accepted</span></div>
      </div>
      <div class=\\"NewExpenseFieldsContainer-eXgEkW kWXdsa\\"><label for=\\"new-expense__type-selec\\" class=\\"NewExpenseField-juMRoK hJPqOw\\"><span class=\\"NewExpenseFieldLabel-iRoKGQ keXWMB\\">Type*</span><select id=\\"new-expense__type-select\\" data-testid=\\"new-expense__type-select\\" required=\\"\\" class=\\"NewExpenseSelectField-jVTKdO iFJTld\\">
            <option value=\\"\\" class=\\"NewExpenseSelectOption-coaVTX eLEIqd\\"></option>
            <option value=\\"hotel-fee\\" class=\\"NewExpenseSelectOption-coaVTX eLEIqd\\">Hotel</option>
            <option value=\\"food\\" class=\\"NewExpenseSelectOption-coaVTX eLEIqd\\">Food</option>
            <option value=\\"transport\\" class=\\"NewExpenseSelectOption-coaVTX eLEIqd\\">Transport</option>
          </select></label><label for=\\"new-expense__description\\" class=\\"NewExpenseField-juMRoK hJPqOw\\"><span class=\\"NewExpenseFieldLabel-iRoKGQ keXWMB\\">Expense description*</span><input required=\\"\\" id=\\"new-expense__description\\" data-testid=\\"new-expense__description\\" class=\\"NewExpenseInputField-kvuItE eGrksb\\" value=\\"description\\"></label><label for=\\"new-expense__receipt-date\\" class=\\"NewExpenseField-juMRoK hJPqOw\\"><span class=\\"NewExpenseFieldLabel-iRoKGQ keXWMB\\">Receipt date*</span><input required=\\"\\" id=\\"new-expense__receipt-date\\" data-testid=\\"new-expense__receipt-date\\" pattern=\\"\\\\d{4}-\\\\d{2}-\\\\d{2}\\" type=\\"date\\" min=\\"1900-01-01\\" max=\\"2077-01-01\\" class=\\"NewExpenseInputField-kvuItE eGrksb\\" value=\\"2020-10-10\\"></label><label for=\\"new-expense__currency-select\\" class=\\"NewExpenseField-juMRoK hJPqOw\\"><span class=\\"NewExpenseFieldLabel-iRoKGQ keXWMB\\">Currency*</span><select required=\\"\\" data-testid=\\"new-expense__currency-select\\" id=\\"new-expense__currency-select\\" class=\\"NewExpenseSelectField-jVTKdO iFJTld\\">
            <option value=\\"\\" class=\\"NewExpenseSelectOption-coaVTX eLEIqd\\"></option>
            <option value=\\"BRL\\" class=\\"NewExpenseSelectOption-coaVTX eLEIqd\\">BRL</option>
            <option value=\\"USD\\" class=\\"NewExpenseSelectOption-coaVTX eLEIqd\\">USD</option>
            <option value=\\"MXN\\" class=\\"NewExpenseSelectOption-coaVTX eLEIqd\\">MXN</option>
          </select></label>
        <div class=\\"NewExpenseCurrencyInfoFieldContainier-buJYQd eLTHPp\\"><label for=\\"new-expense__receipt-value\\" width=\\"45%\\" class=\\"NewExpenseField-juMRoK jJGcov\\"><span class=\\"NewExpenseFieldLabel-iRoKGQ keXWMB\\">Receipt value*</span><input id=\\"new-expense__receipt-value\\" data-testid=\\"new-expense__receipt-value\\" type=\\"number\\" min=\\"0\\" required=\\"\\" class=\\"NewExpenseInputField-kvuItE eGrksb\\" value=\\"16\\"></label><label for=\\"new-expense__value-to-be-paid\\" width=\\"45%\\" class=\\"NewExpenseField-juMRoK jJGcov\\"><span class=\\"NewExpenseFieldLabel-iRoKGQ keXWMB\\">To be paid value*</span><input id=\\"new-expense__value-to-be-paid\\" data-testid=\\"new-expense__value-to-be-paid\\" type=\\"number\\" min=\\"0\\" required=\\"\\" class=\\"NewExpenseInputField-kvuItE eGrksb\\" value=\\"10\\"></label></div>
      </div>
    </div>
    <div class=\\"NewExpenseFormActions-iMrQpP FOLRZ\\"><button id=\\"new-expense__btn-cancel\\" data-testid=\\"new-expense__btn-cancel\\" type=\\"button\\" class=\\"NewExpenseFormButton-eEGptI NewExpenseFormCancelButton-dqtNbK jrxbsp bYcGKK\\">Cancelar</button><button id=\\"new-expense__btn-submit\\" data-testid=\\"new-expense__btn-submit\\" type=\\"submit\\" class=\\"NewExpenseFormButton-eEGptI NewExpenseFormSaveButton-cHZoOV jrxbsp bTTZnZ\\">Salvar</button></div>
  </form>
</div>"
`;
